# Find a path using the LOLDictionary dataSet.
# This test uses both the parser and BFS algorithm in the MarvelPaths
# class and applies to a targeted dataset. This test is for one
# character does not have the path to another character.

loaded graph dictionary

path from RIVEN to MORGANA:
no path found

path from MORGANA to KATARINA:
no path found